  Generate enclave test key
  Creating proxy/bridge routines
  MedicalSystemDemo.cpp
  MedicalSystemDemo_t.c
    正在创建库 D:\Acode\Android\complete\MedicalSystemDemo\MedicalSystemDemo\x64\Simulation\MedicalSystemDemo.lib 和对象 D:\Acode\Android\complete\MedicalSystemDemo\MedicalSystemDemo\x64\Simulation\MedicalSystemDemo.exp
  MedicalSystemDemo.vcxproj -> D:\Acode\Android\complete\MedicalSystemDemo\MedicalSystemDemo\x64\Simulation\MedicalSystemDemo.dll
  sign the enclave
  The required memory is 0x171000.
  <EnclaveConfiguration>
      <ProdID>0</ProdID>
      <ISVSVN>0</ISVSVN>
      <StackMaxSize>0x40000</StackMaxSize>
      <HeapMaxSize>0x100000</HeapMaxSize>
      <TCSNum>1</TCSNum>
      <TCSPolicy>1</TCSPolicy>
      <DisableDebug>0</DisableDebug>
      <MiscSelect>0</MiscSelect>
      <MiscMask>0xFFFFFFFF</MiscMask>
  </EnclaveConfiguration>
  Succeed.
